../Core/Src/main.c:106:5:main	48	static
../Core/Src/main.c:294:6:Test_SPI_Connection	24	static
../Core/Src/main.c:317:6:Test_Raw_SPI_Communication	24	static
../Core/Src/main.c:341:6:Test_PN532_Wakeup	24	static
../Core/Src/main.c:393:6:SystemClock_Config	72	static
../Core/Src/main.c:430:13:MX_I2C1_Init	8	static
../Core/Src/main.c:464:13:MX_I2C2_Init	8	static
../Core/Src/main.c:498:13:MX_SPI1_Init	8	static
../Core/Src/main.c:536:13:MX_SPI2_Init	8	static
../Core/Src/main.c:574:13:MX_USART1_UART_Init	8	static
../Core/Src/main.c:607:13:MX_GPIO_Init	40	static
../Core/Src/main.c:649:6:Error_Handler	4	static,ignoring_inline_asm
